Time,Position_BTC,PnL_USD
23:05:41,0.01,0
23:05:41,0,-0.0001
23:05:41,-0.01,-0.0001
23:05:41,-0.02,-0.0001
23:05:41,-0.03,-0.0001
23:05:41,-0.04,-0.0001
23:05:41,-0.05,-0.0001
23:05:41,-0.06,-0.0001
23:05:41,-0.07,-0.0001
23:05:41,-0.08,-0.0001
23:05:41,-0.09,-0.0001
23:05:41,-0.1,-0.0001
23:05:41,-0.11,-0.0001
23:05:41,-0.12,-0.0001
23:05:41,-0.13,-0.0001
23:05:41,-0.14,-0.0001
23:05:41,-0.15,-0.0001
23:05:41,-0.16,-0.0001
23:05:41,-0.17,-0.0001
23:05:41,-0.18,-0.0001
23:05:41,-0.19,-0.0001
23:05:41,-0.2,-0.0001
23:05:41,-0.21,-0.0001
23:05:41,-0.22,-0.0001
23:05:41,-0.23,-0.0001
23:05:41,-0.24,-0.0001
23:05:41,-0.25,-0.0001
23:05:41,-0.26,-0.0001
23:05:41,-0.27,-0.0001
23:05:43,-0.26,0.3219
23:05:43,-0.25,0.656285
23:05:43,-0.24,1.00404
23:05:43,-0.23,1.36629
23:05:43,-0.22,1.74429
23:05:43,-0.21,2.13948
23:05:43,-0.2,2.62008
23:05:43,-0.19,3.12471
23:05:43,-0.18,3.6559
23:05:43,-0.17,4.2166
23:05:43,-0.16,4.81028
23:05:43,-0.15,5.44107
23:05:43,-0.14,6.11391
23:05:43,-0.13,6.83481
23:05:43,-0.12,7.61116
23:05:43,-0.11,8.45221
23:05:43,-0.1,9.36972
23:05:43,-0.09,10.379
23:05:43,-0.08,11.5004
23:05:43,-0.07,12.762
23:05:43,-0.06,14.2038
23:05:43,-0.05,15.8859
23:05:43,-0.04,17.9044
23:05:43,-0.03,20.4275
23:05:43,-0.02,23.7917
23:05:43,-0.01,28.838
23:05:43,3.1225e-17,38.9306
23:05:43,0.01,-852.748
23:05:43,0.02,-852.748
23:05:43,0.03,-852.748
23:05:43,0.04,-852.748
23:05:43,0.05,-852.748
23:05:43,0.06,-852.748
23:05:43,0.07,-852.748
23:05:50,0.08,-852.675
23:05:50,0.09,-852.611
23:05:50,0.1,-852.555
23:05:50,0.11,-852.504
23:05:50,0.12,-852.458
23:05:50,0.13,-852.415
23:05:50,0.14,-852.376
23:05:50,0.15,-852.34
23:05:50,0.16,-852.306
23:05:50,0.17,-852.274
23:05:50,0.18,-852.244
23:05:50,0.19,-852.216
23:05:50,0.2,-852.189
23:05:50,0.21,-852.164
23:05:50,0.22,-852.139
23:05:50,0.23,-852.116
23:05:50,0.24,-852.094
23:05:50,0.25,-852.073
23:05:50,0.26,-852.053
23:05:50,0.27,-852.033
23:05:50,0.28,-852.014
23:05:50,0.29,-851.996
23:05:50,0.3,-851.978
23:05:50,0.31,-851.962
23:05:50,0.32,-851.945
23:05:50,0.33,-851.929
23:05:50,0.34,-851.914
23:05:50,0.35,-851.899
23:05:50,0.36,-851.884
23:05:50,0.37,-851.87
23:05:50,0.38,-851.856
23:05:50,0.39,-851.843
23:05:50,0.4,-851.83
23:05:50,0.41,-851.817
23:05:50,0.42,-851.805
23:05:50,0.43,-851.793
23:05:50,0.44,-851.781
23:05:50,0.45,-851.769
23:05:50,0.46,-851.758
23:05:52,0.45,-851.975
23:05:52,0.44,-852.196
23:05:52,0.43,-852.423
23:05:52,0.42,-852.655
23:05:52,0.41,-852.892
23:05:52,0.4,-853.135
23:05:52,0.41,-852.886
23:05:52,0.42,-852.643
23:05:52,0.43,-852.406
23:05:52,0.44,-852.174
23:05:52,0.45,-851.948
23:05:52,0.46,-851.726
23:05:52,0.47,-851.509
23:05:52,0.48,-851.297
23:05:52,0.49,-851.09
23:05:52,0.5,-850.886
23:05:52,0.51,-850.687
23:05:52,0.52,-850.491
23:05:52,0.53,-850.3
23:05:52,0.54,-850.112
23:05:52,0.55,-849.927
23:05:52,0.56,-849.746
23:05:52,0.57,-849.568
23:05:52,0.58,-849.393
23:05:52,0.59,-849.221
23:05:52,0.6,-849.052
23:05:53,0.61,-848.886
23:05:53,0.62,-848.723
23:05:53,0.63,-848.562
23:05:53,0.64,-848.404
23:05:53,0.65,-848.248
23:05:53,0.66,-848.095
23:05:53,0.67,-847.944
23:05:53,0.68,-847.795
23:05:53,0.69,-847.648
23:05:53,0.7,-847.504
23:05:53,0.71,-847.362
23:05:55,0.7,-847.464
23:05:55,0.69,-847.569
23:05:55,0.68,-847.675
23:05:55,0.67,-847.782
23:05:55,0.66,-847.891
23:05:55,0.65,-848.002
23:05:55,0.64,-848.114
23:05:55,0.63,-848.228
23:05:55,0.62,-848.344
23:05:55,0.61,-848.462
23:05:55,0.6,-848.582
23:05:55,0.59,-848.704
23:05:55,0.58,-848.827
23:05:55,0.57,-848.953
23:05:55,0.56,-849.081
23:05:55,0.55,-849.212
23:05:55,0.54,-849.345
23:05:55,0.53,-849.48
23:05:57,0.52,-849.618
23:05:57,0.51,-849.758
23:05:57,0.5,-849.901
23:05:57,0.49,-850.048
23:05:57,0.48,-850.197
23:05:57,0.47,-850.349
23:05:57,0.46,-850.504
23:05:57,0.45,-850.663
23:05:57,0.44,-850.825
23:05:57,0.43,-850.991
23:05:57,0.42,-851.161
23:05:57,0.41,-851.335
23:05:57,0.4,-851.513
23:05:57,0.39,-851.696
23:05:57,0.38,-851.883
23:05:57,0.37,-852.075
23:05:57,0.36,-852.273
23:05:57,0.35,-852.476
23:05:57,0.34,-852.685
23:05:57,0.33,-852.899
23:05:57,0.32,-853.121
23:05:57,0.31,-853.349
23:05:57,0.3,-853.585
23:05:57,0.29,-853.828
23:05:57,0.28,-854.08
23:05:57,0.27,-854.341
23:05:58,0.26,-854.611
23:05:58,0.25,-854.892
23:05:58,0.24,-855.185
23:05:58,0.23,-855.489
23:05:58,0.22,-855.806
23:05:58,0.21,-856.138
23:05:58,0.22,-855.791
23:05:58,0.23,-855.459
23:05:58,0.24,-855.141
23:05:58,0.25,-854.837
23:05:58,0.26,-854.545
23:05:58,0.27,-854.264
23:05:58,0.28,-853.994
23:05:58,0.29,-853.733
23:05:58,0.3,-853.481
23:05:58,0.31,-853.238
23:05:58,0.32,-853.002
23:05:59,0.31,-853.174
23:05:59,0.3,-853.351
23:05:59,0.29,-853.534
23:05:59,0.28,-853.723
23:05:59,0.27,-853.919
23:05:59,0.26,-854.123
23:05:59,0.25,-854.334
23:05:59,0.24,-854.554
23:05:59,0.23,-854.782
23:05:59,0.22,-855.021
23:05:59,0.21,-855.271
23:05:59,0.2,-855.532
23:05:59,0.19,-855.807
23:05:59,0.18,-856.096
23:05:59,0.17,-856.401
23:05:59,0.16,-856.724
23:05:59,0.15,-857.067
23:05:59,0.14,-857.433
23:05:59,0.13,-857.825
23:05:59,0.12,-858.248
23:05:59,0.11,-858.705
23:05:59,0.1,-859.205
23:05:59,0.09,-859.754
23:06:00,0.1,-859.144
23:06:00,0.11,-858.595
23:06:00,0.12,-858.096
23:06:00,0.13,-857.638
23:06:00,0.14,-857.216
23:06:00,0.15,-856.823
23:06:00,0.16,-856.457
23:06:00,0.17,-856.114
23:06:00,0.18,-855.791
23:06:00,0.19,-855.486
23:06:00,0.2,-855.197
23:06:00,0.21,-854.923
23:06:00,0.22,-854.661
23:06:00,0.23,-854.412
23:06:00,0.24,-854.173
23:06:00,0.25,-853.944
23:06:00,0.26,-853.725
23:06:00,0.27,-853.514
23:06:00,0.28,-853.31
23:06:00,0.29,-853.114
23:06:00,0.3,-852.925
23:06:02,0.31,-852.581
23:06:02,0.32,-852.249
23:06:02,0.33,-851.927
23:06:02,0.34,-851.614
23:06:02,0.35,-851.311
23:06:02,0.36,-851.016
23:06:05,0.35,-851.303
23:06:05,0.34,-851.597
23:06:05,0.33,-851.901
23:06:05,0.32,-852.213
23:06:05,0.31,-852.536
23:06:05,0.3,-852.868
23:06:05,0.29,-853.212
23:06:05,0.28,-853.567
23:06:05,0.27,-853.936
23:06:05,0.26,-854.318
23:06:05,0.25,-854.714
23:06:05,0.24,-855.127
23:06:05,0.23,-855.556
23:06:05,0.22,-856.005
23:06:05,0.21,-856.474
23:06:05,0.2,-856.965
23:06:05,0.19,-857.48
23:06:05,0.18,-858.023
23:06:05,0.17,-858.596
23:06:05,0.16,-859.202
23:06:05,0.15,-859.847
23:06:05,0.14,-860.534
23:06:05,0.13,-861.271
23:06:05,0.12,-862.064
23:06:05,0.11,-862.924
23:06:05,0.1,-863.861
23:06:05,0.09,-864.892
23:06:05,0.08,-866.038
23:06:05,0.07,-867.327
23:06:05,0.06,-868.8
23:06:06,0.07,-867.082
23:06:06,0.08,-865.608
23:06:06,0.09,-864.32
23:06:06,0.1,-863.174
23:06:06,0.11,-862.143
23:06:06,0.12,-861.205
23:06:06,0.13,-860.346
23:06:06,0.14,-859.553
23:06:06,0.15,-858.816
23:06:06,0.16,-858.129
23:06:06,0.17,-857.484
23:06:06,0.18,-856.878
23:06:06,0.19,-856.305
23:06:06,0.2,-855.762
23:06:06,0.21,-855.247
23:06:06,0.22,-854.756
23:06:06,0.23,-854.287
23:06:06,0.24,-853.839
23:06:06,0.25,-853.409
23:06:07,0.26,-852.997
23:06:07,0.27,-852.6
23:06:07,0.28,-852.218
23:06:07,0.29,-851.85
23:06:07,0.3,-851.494
23:06:07,0.31,-851.151
23:06:07,0.32,-850.818
23:06:07,0.33,-850.496
23:06:07,0.34,-850.183
23:06:12,0.33,-850.556
23:06:12,0.32,-850.94
23:06:12,0.31,-851.336
23:06:12,0.3,-851.745
23:06:12,0.29,-852.167
23:06:12,0.28,-852.605
23:06:12,0.27,-853.057
23:06:12,0.26,-853.527
23:06:12,0.25,-854.014
23:06:13,0.24,-854.654
23:06:13,0.23,-855.327
23:06:13,0.22,-856.028
23:06:13,0.21,-856.761
23:06:13,0.2,-857.53
23:06:13,0.19,-858.336
23:06:13,0.18,-859.185
23:06:13,0.17,-860.082
23:06:13,0.16,-861.031
23:06:13,0.15,-862.039
23:06:13,0.14,-863.114
23:06:13,0.13,-864.325
23:06:13,0.12,-865.628
23:06:13,0.11,-867.04
23:06:13,0.1,-868.58
23:06:13,0.09,-870.274
23:06:13,0.08,-872.156
23:06:13,0.07,-874.273
23:06:13,0.06,-876.693
23:06:13,0.05,-879.516
23:06:13,0.04,-882.904
23:06:13,0.03,-887.139
23:06:13,0.02,-892.785
23:06:13,0.01,-901.255
23:06:13,2.42861e-17,-918.194
23:06:13,-0.01,-27.126
